******************************************************************************
                  TI ARM Linker PC v18.12.1                    
******************************************************************************
>> Linked Mon Sep 23 14:47:35 2019

OUTPUT FILE NAME:   <Vehicle_Estimator.out>
ENTRY POINT SYMBOL: "_c_int00_noargs"  address: 0000112d


MEMORY CONFIGURATION

         name            origin    length      used     unused   attr    fill
----------------------  --------  ---------  --------  --------  ----  --------
  FLASH                 00000000   00040000  000015ae  0003ea52  R  X
  SRAM                  20000000   00008000  00000484  00007b7c  RW X


SEGMENT ALLOCATION MAP

run origin  load origin   length   init length attrs members
----------  ----------- ---------- ----------- ----- -------
00000000    00000000    000015b0   000015b0    r-x
  00000000    00000000    0000026c   0000026c    r-- .intvecs
  0000026c    0000026c    0000104e   0000104e    r-x .text
  000012bc    000012bc    000002bc   000002bc    r-- .const
  00001578    00001578    00000038   00000038    r-- .cinit
20000000    20000000    00000488   00000000    rw-
  20000000    20000000    0000026c   00000000    rw- .vtable
  20000270    20000270    00000200   00000000    rw- .stack
  20000470    20000470    00000018   00000000    rw- .data


SECTION ALLOCATION MAP

 output                                  attributes/
section   page    origin      length       input sections
--------  ----  ----------  ----------   ----------------
.intvecs   0    00000000    0000026c     
                  00000000    0000026c     tm4c123gh6pm_startup_ccs.obj (.intvecs)

.text      0    0000026c    0000104e     
                  0000026c    0000049c     uartstdio.obj (.text)
                  00000708    00000132     driverlib.lib : gpio.obj (.text:GPIOPadConfigSet)
                  0000083a    00000002     rtsv7M4_T_le_v4SPD16_eabi.lib : div0.asm.obj (.text)
                  0000083c    00000130     UART.obj (.text)
                  0000096c    00000110     driverlib.lib : sysctl.obj (.text:SysCtlClockGet)
                  00000a7c    00000100     button.obj (.text)
                  00000b7c    000000e8     main.obj (.text)
                  00000c64    0000009c     rtsv7M4_T_le_v4SPD16_eabi.lib : memcpy_t2.asm.obj (.text)
                  00000d00    00000084     timer.obj (.text)
                  00000d84    00000068     driverlib.lib : interrupt.obj (.text:IntEnable)
                  00000dec    00000068     rtsv7M4_T_le_v4SPD16_eabi.lib : copy_decompress_lzss.c.obj (.text:decompress:lzss:__TI_decompress_lzss)
                  00000e54    00000060     driverlib.lib : timer.obj (.text:TimerConfigure)
                  00000eb4    0000004c                   : timer.obj (.text:_TimerIntNumberGet)
                  00000f00    00000048                   : gpio.obj (.text:GPIOPinConfigure)
                  00000f48    00000046                   : uart.obj (.text:UARTConfigSetExpClk)
                  00000f8e    00000002     --HOLE-- [fill = 0]
                  00000f90    00000044     rtsv7M4_T_le_v4SPD16_eabi.lib : autoinit.c.obj (.text:__TI_auto_init_nobinit_nopinit:__TI_auto_init_nobinit_nopinit)
                  00000fd4    00000040     driverlib.lib : uart.obj (.text:_UARTIntNumberGet)
                  00001014    00000040     rtsv7M4_T_le_v4SPD16_eabi.lib : u_divt2.asm.obj (.text)
                  00001054    00000038     driverlib.lib : sysctl.obj (.text:SysCtlPeripheralPresent)
                  0000108c    00000038                   : sysctl.obj (.text:SysCtlPeripheralReady)
                  000010c4    00000034                   : interrupt.obj (.text:IntRegister)
                  000010f8    00000034                   : sysctl.obj (.text:SysCtlPeripheralEnable)
                  0000112c    00000034     rtsv7M4_T_le_v4SPD16_eabi.lib : boot_cortex_m.c.obj (.text:_c_int00_noargs:_c_int00_noargs)
                  00001160    0000002a     driverlib.lib : gpio.obj (.text:GPIODirModeSet)
                  0000118a    00000002     --HOLE-- [fill = 0]
                  0000118c    00000020                   : uart.obj (.text:UARTDisable)
                  000011ac    00000018                   : gpio.obj (.text:GPIOPinTypeGPIOOutput)
                  000011c4    00000018                   : timer.obj (.text:TimerIntRegister)
                  000011dc    00000018                   : uart.obj (.text:UARTIntRegister)
                  000011f4    00000014                   : uart.obj (.text:UARTEnable)
                  00001208    00000012                   : gpio.obj (.text:GPIOPinTypeGPIOInput)
                  0000121a    00000012                   : gpio.obj (.text:GPIOPinTypeUART)
                  0000122c    00000012                   : timer.obj (.text:TimerLoadSet)
                  0000123e    00000012     rtsv7M4_T_le_v4SPD16_eabi.lib : copy_zero_init.c.obj (.text:decompress:ZI:__TI_zero_init_nomemset:__TI_zero_init_nomemset)
                  00001250    0000000e     driverlib.lib : timer.obj (.text:TimerEnable)
                  0000125e    0000000e     rtsv7M4_T_le_v4SPD16_eabi.lib : copy_decompress_none.c.obj (.text:decompress:none:__TI_decompress_none)
                  0000126c    0000000c     tm4c123gh6pm_startup_ccs.obj (.text)
                  00001278    0000000a     driverlib.lib : uart.obj (.text:UARTCharGet)
                  00001282    0000000a                   : uart.obj (.text:UARTCharPut)
                  0000128c    00000008                   : timer.obj (.text:TimerIntEnable)
                  00001294    00000008                   : uart.obj (.text:UARTIntEnable)
                  0000129c    00000006                   : gpio.obj (.text:GPIOPinRead)
                  000012a2    00000006                   : gpio.obj (.text:GPIOPinWrite)
                  000012a8    00000006                   : uart.obj (.text:UARTFIFOLevelSet)
                  000012ae    00000004                   : timer.obj (.text:TimerIntClear)
                  000012b2    00000004     rtsv7M4_T_le_v4SPD16_eabi.lib : pre_init.c.obj (.text:_system_pre_init)
                  000012b6    00000004                                   : exit.c.obj (.text:abort:abort)

.const     0    000012bc    000002bc     
                  000012bc    00000090     driverlib.lib : gpio.obj (.const:g_pui32GPIOBaseAddrs)
                  0000134c    00000070                   : interrupt.obj (.const)
                  000013bc    0000006c                   : sysctl.obj (.const:g_pui32Xtals)
                  00001428    00000060                   : timer.obj (.const:g_ppui32TimerIntMap)
                  00001488    00000040                   : timer.obj (.const:g_ppui32TimerIntMapSnowflake)
                  000014c8    00000040                   : uart.obj (.const:g_ppui32UARTIntMap)
                  00001508    00000040                   : uart.obj (.const:g_ppui32UARTIntMapSnowflake)
                  00001548    00000012     uartstdio.obj (.const:.string)
                  0000155a    00000002     --HOLE-- [fill = 0]
                  0000155c    0000000c     uartstdio.obj (.const:g_ui32UARTBase)
                  00001568    0000000c     uartstdio.obj (.const:g_ui32UARTPeriph)
                  00001574    00000004     uartstdio.obj (.const)

.cinit     0    00001578    00000038     
                  00001578    00000011     (.cinit..data.load) [load image, compression = lzss]
                  00001589    00000003     --HOLE-- [fill = 0]
                  0000158c    0000000c     (__TI_handler_table)
                  00001598    00000008     (.cinit..vtable.load) [load image, compression = zero_init]
                  000015a0    00000010     (__TI_cinit_table)

.init_array 
*          0    00000000    00000000     UNINITIALIZED

.vtable    0    20000000    0000026c     UNINITIALIZED
                  20000000    0000026c     driverlib.lib : interrupt.obj (.vtable)

.data      0    20000470    00000018     UNINITIALIZED
                  20000470    00000009     UART.obj (.data)
                  20000479    00000003     --HOLE--
                  2000047c    00000005     uartstdio.obj (.data)
                  20000481    00000003     --HOLE--
                  20000484    00000004     timer.obj (.data)

.stack     0    20000270    00000200     UNINITIALIZED
                  20000270    00000004     rtsv7M4_T_le_v4SPD16_eabi.lib : boot_cortex_m.c.obj (.stack)
                  20000274    000001fc     --HOLE--

MODULE SUMMARY

       Module                         code   ro data   rw data
       ------                         ----   -------   -------
    .\
       uartstdio.obj                  1180   46        5      
       tm4c123gh6pm_startup_ccs.obj   12     620       0      
       UART.obj                       304    0         9      
       button.obj                     256    0         0      
       main.obj                       232    0         0      
       timer.obj                      132    0         4      
    +--+------------------------------+------+---------+---------+
       Total:                         2116   666       18     
                                                              
    C:/ti/TivaWare_C_Series-2.1.4.178/driverlib/ccs/Debug/driverlib.lib
       interrupt.obj                  156    112       620    
       gpio.obj                       492    144       0      
       sysctl.obj                     436    108       0      
       timer.obj                      240    160       0      
       uart.obj                       244    128       0      
    +--+------------------------------+------+---------+---------+
       Total:                         1568   652       620    
                                                              
    C:\ti\ccs901\ccs\tools\compiler\ti-cgt-arm_18.12.1.LTS\lib\rtsv7M4_T_le_v4SPD16_eabi.lib
       memcpy_t2.asm.obj              156    0         0      
       copy_decompress_lzss.c.obj     104    0         0      
       autoinit.c.obj                 68     0         0      
       u_divt2.asm.obj                64     0         0      
       boot_cortex_m.c.obj            52     0         0      
       copy_zero_init.c.obj           18     0         0      
       copy_decompress_none.c.obj     14     0         0      
       exit.c.obj                     4      0         0      
       pre_init.c.obj                 4      0         0      
       div0.asm.obj                   2      0         0      
    +--+------------------------------+------+---------+---------+
       Total:                         486    0         0      
                                                              
       Stack:                         0      0         512    
       Linker Generated:              0      53        0      
    +--+------------------------------+------+---------+---------+
       Grand Total:                   4170   1371      1150   


LINKER GENERATED COPY TABLES

__TI_cinit_table @ 000015a0 records: 2, size/record: 8, table size: 16
	.data: load addr=00001578, load size=00000011 bytes, run addr=20000470, run size=00000018 bytes, compression=lzss
	.vtable: load addr=00001598, load size=00000008 bytes, run addr=20000000, run size=0000026c bytes, compression=zero_init


LINKER GENERATED HANDLER TABLE

__TI_handler_table @ 0000158c records: 3, size/record: 4, table size: 12
	index: 0, handler: __TI_zero_init
	index: 1, handler: __TI_decompress_lzss
	index: 2, handler: __TI_decompress_none


GLOBAL SYMBOLS: SORTED ALPHABETICALLY BY Name 

address   name                          
-------   ----                          
00000a7d  Button_Init                   
00000abb  Button_press                  
000012b7  C$$EXIT                       
00001161  GPIODirModeSet                
00000709  GPIOPadConfigSet              
00000f01  GPIOPinConfigure              
0000129d  GPIOPinRead                   
00001209  GPIOPinTypeGPIOInput          
000011ad  GPIOPinTypeGPIOOutput         
0000121b  GPIOPinTypeUART               
000012a3  GPIOPinWrite                  
00000d85  IntEnable                     
000010c5  IntRegister                   
0000126d  ResetISR                      
0000096d  SysCtlClockGet                
000010f9  SysCtlPeripheralEnable        
00001055  SysCtlPeripheralPresent       
0000108d  SysCtlPeripheralReady         
20000470  TimeState                     
00000d45  Timer0Handler                 
00000d01  Timer0_Init                   
00000e55  TimerConfigure                
00001251  TimerEnable                   
000012af  TimerIntClear                 
0000128d  TimerIntEnable                
000011c5  TimerIntRegister              
0000122d  TimerLoadSet                  
00001279  UARTCharGet                   
00001283  UARTCharPut                   
00000f49  UARTConfigSetExpClk           
0000118d  UARTDisable                   
000011f5  UARTEnable                    
000012a9  UARTFIFOLevelSet              
00001295  UARTIntEnable                 
000011dd  UARTIntRegister               
0000026d  UARTStdioConfig               
000003b3  UARTgetc                      
000002f9  UARTgets                      
000006d3  UARTprintf                    
000003d9  UARTvprintf                   
000002b3  UARTwrite                     
20000470  __STACK_END                   
00000200  __STACK_SIZE                  
20000470  __STACK_TOP                   
000015a0  __TI_CINIT_Base               
000015b0  __TI_CINIT_Limit              
0000158c  __TI_Handler_Table_Base       
00001598  __TI_Handler_Table_Limit      
00000f91  __TI_auto_init_nobinit_nopinit
00000ded  __TI_decompress_lzss          
0000125f  __TI_decompress_none          
ffffffff  __TI_pprof_out_hndl           
ffffffff  __TI_prof_data_size           
ffffffff  __TI_prof_data_start          
00000000  __TI_static_base__            
0000123f  __TI_zero_init_nomemset       
0000083b  __aeabi_idiv0                 
0000083b  __aeabi_ldiv0                 
00000c65  __aeabi_memcpy                
00000c65  __aeabi_memcpy4               
00000c65  __aeabi_memcpy8               
00001015  __aeabi_uidiv                 
00001015  __aeabi_uidivmod              
ffffffff  __binit__                     
ffffffff  __c_args__                    
UNDEFED   __mpu_init                    
20000270  __stack                       
0000112d  _c_int00_noargs               
UNDEFED   _system_post_cinit            
000012b3  _system_pre_init              
000012b7  abort                         
ffffffff  binit                         
20000000  g_pfnRAMVectors               
00000000  g_pfnVectors                  
00000b7d  main                          
00000c65  memcpy                        
20000474  speed                         
20000484  time                          
0000083d  vUART_Init                    
000008cb  vUART_UART3Handler            


GLOBAL SYMBOLS: SORTED BY Symbol Address 

address   name                          
-------   ----                          
00000000  __TI_static_base__            
00000000  g_pfnVectors                  
00000200  __STACK_SIZE                  
0000026d  UARTStdioConfig               
000002b3  UARTwrite                     
000002f9  UARTgets                      
000003b3  UARTgetc                      
000003d9  UARTvprintf                   
000006d3  UARTprintf                    
00000709  GPIOPadConfigSet              
0000083b  __aeabi_idiv0                 
0000083b  __aeabi_ldiv0                 
0000083d  vUART_Init                    
000008cb  vUART_UART3Handler            
0000096d  SysCtlClockGet                
00000a7d  Button_Init                   
00000abb  Button_press                  
00000b7d  main                          
00000c65  __aeabi_memcpy                
00000c65  __aeabi_memcpy4               
00000c65  __aeabi_memcpy8               
00000c65  memcpy                        
00000d01  Timer0_Init                   
00000d45  Timer0Handler                 
00000d85  IntEnable                     
00000ded  __TI_decompress_lzss          
00000e55  TimerConfigure                
00000f01  GPIOPinConfigure              
00000f49  UARTConfigSetExpClk           
00000f91  __TI_auto_init_nobinit_nopinit
00001015  __aeabi_uidiv                 
00001015  __aeabi_uidivmod              
00001055  SysCtlPeripheralPresent       
0000108d  SysCtlPeripheralReady         
000010c5  IntRegister                   
000010f9  SysCtlPeripheralEnable        
0000112d  _c_int00_noargs               
00001161  GPIODirModeSet                
0000118d  UARTDisable                   
000011ad  GPIOPinTypeGPIOOutput         
000011c5  TimerIntRegister              
000011dd  UARTIntRegister               
000011f5  UARTEnable                    
00001209  GPIOPinTypeGPIOInput          
0000121b  GPIOPinTypeUART               
0000122d  TimerLoadSet                  
0000123f  __TI_zero_init_nomemset       
00001251  TimerEnable                   
0000125f  __TI_decompress_none          
0000126d  ResetISR                      
00001279  UARTCharGet                   
00001283  UARTCharPut                   
0000128d  TimerIntEnable                
00001295  UARTIntEnable                 
0000129d  GPIOPinRead                   
000012a3  GPIOPinWrite                  
000012a9  UARTFIFOLevelSet              
000012af  TimerIntClear                 
000012b3  _system_pre_init              
000012b7  C$$EXIT                       
000012b7  abort                         
0000158c  __TI_Handler_Table_Base       
00001598  __TI_Handler_Table_Limit      
000015a0  __TI_CINIT_Base               
000015b0  __TI_CINIT_Limit              
20000000  g_pfnRAMVectors               
20000270  __stack                       
20000470  TimeState                     
20000470  __STACK_END                   
20000470  __STACK_TOP                   
20000474  speed                         
20000484  time                          
ffffffff  __TI_pprof_out_hndl           
ffffffff  __TI_prof_data_size           
ffffffff  __TI_prof_data_start          
ffffffff  __binit__                     
ffffffff  __c_args__                    
ffffffff  binit                         
UNDEFED   __mpu_init                    
UNDEFED   _system_post_cinit            

[80 symbols]
