******************************************************************************
                  TI ARM Linker PC v18.12.1                    
******************************************************************************
>> Linked Sun Sep 22 23:43:14 2019

OUTPUT FILE NAME:   <Vehicle_Estimator.out>
ENTRY POINT SYMBOL: "_c_int00_noargs"  address: 00001091


MEMORY CONFIGURATION

         name            origin    length      used     unused   attr    fill
----------------------  --------  ---------  --------  --------  ----  --------
  FLASH                 00000000   00040000  0000150a  0003eaf6  R  X
  SRAM                  20000000   00008000  00000480  00007b80  RW X


SEGMENT ALLOCATION MAP

run origin  load origin   length   init length attrs members
----------  ----------- ---------- ----------- ----- -------
00000000    00000000    00001510   00001510    r-x
  00000000    00000000    0000026c   0000026c    r-- .intvecs
  0000026c    0000026c    00000fb2   00000fb2    r-x .text
  00001220    00001220    000002bc   000002bc    r-- .const
  000014e0    000014e0    00000030   00000030    r-- .cinit
20000000    20000000    00000484   00000000    rw-
  20000000    20000000    0000026c   00000000    rw- .vtable
  20000270    20000270    00000200   00000000    rw- .stack
  20000470    20000470    00000014   00000000    rw- .data


SECTION ALLOCATION MAP

 output                                  attributes/
section   page    origin      length       input sections
--------  ----  ----------  ----------   ----------------
.intvecs   0    00000000    0000026c     
                  00000000    0000026c     tm4c123gh6pm_startup_ccs.obj (.intvecs)

.text      0    0000026c    00000fb2     
                  0000026c    0000049c     uartstdio.obj (.text)
                  00000708    00000132     driverlib.lib : gpio.obj (.text:GPIOPadConfigSet)
                  0000083a    00000002     rtsv7M4_T_le_v4SPD16_eabi.lib : div0.asm.obj (.text)
                  0000083c    00000120     UART.obj (.text)
                  0000095c    00000110     driverlib.lib : sysctl.obj (.text:SysCtlClockGet)
                  00000a6c    000000d4     button.obj (.text)
                  00000b40    0000009c     rtsv7M4_T_le_v4SPD16_eabi.lib : memcpy_t2.asm.obj (.text)
                  00000bdc    00000088     main.obj (.text)
                  00000c64    00000084     timer.obj (.text)
                  00000ce8    00000068     driverlib.lib : interrupt.obj (.text:IntEnable)
                  00000d50    00000068     rtsv7M4_T_le_v4SPD16_eabi.lib : copy_decompress_lzss.c.obj (.text:decompress:lzss:__TI_decompress_lzss)
                  00000db8    00000060     driverlib.lib : timer.obj (.text:TimerConfigure)
                  00000e18    0000004c                   : timer.obj (.text:_TimerIntNumberGet)
                  00000e64    00000048                   : gpio.obj (.text:GPIOPinConfigure)
                  00000eac    00000046                   : uart.obj (.text:UARTConfigSetExpClk)
                  00000ef2    00000002     --HOLE-- [fill = 0]
                  00000ef4    00000044     rtsv7M4_T_le_v4SPD16_eabi.lib : autoinit.c.obj (.text:__TI_auto_init_nobinit_nopinit:__TI_auto_init_nobinit_nopinit)
                  00000f38    00000040     driverlib.lib : uart.obj (.text:_UARTIntNumberGet)
                  00000f78    00000040     rtsv7M4_T_le_v4SPD16_eabi.lib : u_divt2.asm.obj (.text)
                  00000fb8    00000038     driverlib.lib : sysctl.obj (.text:SysCtlPeripheralPresent)
                  00000ff0    00000038                   : sysctl.obj (.text:SysCtlPeripheralReady)
                  00001028    00000034                   : interrupt.obj (.text:IntRegister)
                  0000105c    00000034                   : sysctl.obj (.text:SysCtlPeripheralEnable)
                  00001090    00000034     rtsv7M4_T_le_v4SPD16_eabi.lib : boot_cortex_m.c.obj (.text:_c_int00_noargs:_c_int00_noargs)
                  000010c4    0000002a     driverlib.lib : gpio.obj (.text:GPIODirModeSet)
                  000010ee    00000002     --HOLE-- [fill = 0]
                  000010f0    00000020                   : uart.obj (.text:UARTDisable)
                  00001110    00000018                   : gpio.obj (.text:GPIOPinTypeGPIOOutput)
                  00001128    00000018                   : timer.obj (.text:TimerIntRegister)
                  00001140    00000018                   : uart.obj (.text:UARTIntRegister)
                  00001158    00000014                   : uart.obj (.text:UARTEnable)
                  0000116c    00000012                   : gpio.obj (.text:GPIOPinTypeGPIOInput)
                  0000117e    00000012                   : gpio.obj (.text:GPIOPinTypeUART)
                  00001190    00000012                   : timer.obj (.text:TimerLoadSet)
                  000011a2    00000012     rtsv7M4_T_le_v4SPD16_eabi.lib : copy_zero_init.c.obj (.text:decompress:ZI:__TI_zero_init_nomemset:__TI_zero_init_nomemset)
                  000011b4    0000000e     driverlib.lib : timer.obj (.text:TimerEnable)
                  000011c2    0000000e     rtsv7M4_T_le_v4SPD16_eabi.lib : copy_decompress_none.c.obj (.text:decompress:none:__TI_decompress_none)
                  000011d0    0000000c     tm4c123gh6pm_startup_ccs.obj (.text)
                  000011dc    0000000a     driverlib.lib : uart.obj (.text:UARTCharGet)
                  000011e6    0000000a                   : uart.obj (.text:UARTCharPut)
                  000011f0    00000008                   : timer.obj (.text:TimerIntEnable)
                  000011f8    00000008                   : uart.obj (.text:UARTIntEnable)
                  00001200    00000006                   : gpio.obj (.text:GPIOPinRead)
                  00001206    00000006                   : gpio.obj (.text:GPIOPinWrite)
                  0000120c    00000006                   : uart.obj (.text:UARTFIFOLevelSet)
                  00001212    00000004                   : timer.obj (.text:TimerIntClear)
                  00001216    00000004     rtsv7M4_T_le_v4SPD16_eabi.lib : pre_init.c.obj (.text:_system_pre_init)
                  0000121a    00000004                                   : exit.c.obj (.text:abort:abort)

.const     0    00001220    000002bc     
                  00001220    00000090     driverlib.lib : gpio.obj (.const:g_pui32GPIOBaseAddrs)
                  000012b0    00000070                   : interrupt.obj (.const)
                  00001320    0000006c                   : sysctl.obj (.const:g_pui32Xtals)
                  0000138c    00000060                   : timer.obj (.const:g_ppui32TimerIntMap)
                  000013ec    00000040                   : timer.obj (.const:g_ppui32TimerIntMapSnowflake)
                  0000142c    00000040                   : uart.obj (.const:g_ppui32UARTIntMap)
                  0000146c    00000040                   : uart.obj (.const:g_ppui32UARTIntMapSnowflake)
                  000014ac    00000012     uartstdio.obj (.const:.string)
                  000014be    00000002     --HOLE-- [fill = 0]
                  000014c0    0000000c     uartstdio.obj (.const:g_ui32UARTBase)
                  000014cc    0000000c     uartstdio.obj (.const:g_ui32UARTPeriph)
                  000014d8    00000004     uartstdio.obj (.const)

.cinit     0    000014e0    00000030     
                  000014e0    0000000c     (.cinit..data.load) [load image, compression = lzss]
                  000014ec    0000000c     (__TI_handler_table)
                  000014f8    00000008     (.cinit..vtable.load) [load image, compression = zero_init]
                  00001500    00000010     (__TI_cinit_table)

.init_array 
*          0    00000000    00000000     UNINITIALIZED

.vtable    0    20000000    0000026c     UNINITIALIZED
                  20000000    0000026c     driverlib.lib : interrupt.obj (.vtable)

.data      0    20000470    00000014     UNINITIALIZED
                  20000470    00000005     UART.obj (.data)
                  20000475    00000003     --HOLE--
                  20000478    00000005     uartstdio.obj (.data)
                  2000047d    00000003     --HOLE--
                  20000480    00000004     timer.obj (.data)

.stack     0    20000270    00000200     UNINITIALIZED
                  20000270    00000004     rtsv7M4_T_le_v4SPD16_eabi.lib : boot_cortex_m.c.obj (.stack)
                  20000274    000001fc     --HOLE--

MODULE SUMMARY

       Module                         code   ro data   rw data
       ------                         ----   -------   -------
    .\
       uartstdio.obj                  1180   46        5      
       tm4c123gh6pm_startup_ccs.obj   12     620       0      
       UART.obj                       288    0         5      
       button.obj                     212    0         0      
       main.obj                       136    0         0      
       timer.obj                      132    0         4      
    +--+------------------------------+------+---------+---------+
       Total:                         1960   666       14     
                                                              
    C:/ti/TivaWare_C_Series-2.1.4.178/driverlib/ccs/Debug/driverlib.lib
       interrupt.obj                  156    112       620    
       gpio.obj                       492    144       0      
       sysctl.obj                     436    108       0      
       timer.obj                      240    160       0      
       uart.obj                       244    128       0      
    +--+------------------------------+------+---------+---------+
       Total:                         1568   652       620    
                                                              
    C:\ti\ccs901\ccs\tools\compiler\ti-cgt-arm_18.12.1.LTS\lib\rtsv7M4_T_le_v4SPD16_eabi.lib
       memcpy_t2.asm.obj              156    0         0      
       copy_decompress_lzss.c.obj     104    0         0      
       autoinit.c.obj                 68     0         0      
       u_divt2.asm.obj                64     0         0      
       boot_cortex_m.c.obj            52     0         0      
       copy_zero_init.c.obj           18     0         0      
       copy_decompress_none.c.obj     14     0         0      
       exit.c.obj                     4      0         0      
       pre_init.c.obj                 4      0         0      
       div0.asm.obj                   2      0         0      
    +--+------------------------------+------+---------+---------+
       Total:                         486    0         0      
                                                              
       Stack:                         0      0         512    
       Linker Generated:              0      48        0      
    +--+------------------------------+------+---------+---------+
       Grand Total:                   4014   1366      1146   


LINKER GENERATED COPY TABLES

__TI_cinit_table @ 00001500 records: 2, size/record: 8, table size: 16
	.data: load addr=000014e0, load size=0000000c bytes, run addr=20000470, run size=00000014 bytes, compression=lzss
	.vtable: load addr=000014f8, load size=00000008 bytes, run addr=20000000, run size=0000026c bytes, compression=zero_init


LINKER GENERATED HANDLER TABLE

__TI_handler_table @ 000014ec records: 3, size/record: 4, table size: 12
	index: 0, handler: __TI_zero_init
	index: 1, handler: __TI_decompress_lzss
	index: 2, handler: __TI_decompress_none


GLOBAL SYMBOLS: SORTED ALPHABETICALLY BY Name 

address   name                          
-------   ----                          
00000a6d  Button_Init                   
00000aab  Button_press                  
0000121b  C$$EXIT                       
000010c5  GPIODirModeSet                
00000709  GPIOPadConfigSet              
00000e65  GPIOPinConfigure              
00001201  GPIOPinRead                   
0000116d  GPIOPinTypeGPIOInput          
00001111  GPIOPinTypeGPIOOutput         
0000117f  GPIOPinTypeUART               
00001207  GPIOPinWrite                  
00000ce9  IntEnable                     
00001029  IntRegister                   
000011d1  ResetISR                      
0000095d  SysCtlClockGet                
0000105d  SysCtlPeripheralEnable        
00000fb9  SysCtlPeripheralPresent       
00000ff1  SysCtlPeripheralReady         
00000ca9  Timer0Handler                 
00000c65  Timer0_Init                   
00000db9  TimerConfigure                
000011b5  TimerEnable                   
00001213  TimerIntClear                 
000011f1  TimerIntEnable                
00001129  TimerIntRegister              
00001191  TimerLoadSet                  
000011dd  UARTCharGet                   
000011e7  UARTCharPut                   
00000ead  UARTConfigSetExpClk           
000010f1  UARTDisable                   
00001159  UARTEnable                    
0000120d  UARTFIFOLevelSet              
000011f9  UARTIntEnable                 
00001141  UARTIntRegister               
0000026d  UARTStdioConfig               
000003b3  UARTgetc                      
000002f9  UARTgets                      
000006d3  UARTprintf                    
000003d9  UARTvprintf                   
000002b3  UARTwrite                     
20000470  __STACK_END                   
00000200  __STACK_SIZE                  
20000470  __STACK_TOP                   
00001500  __TI_CINIT_Base               
00001510  __TI_CINIT_Limit              
000014ec  __TI_Handler_Table_Base       
000014f8  __TI_Handler_Table_Limit      
00000ef5  __TI_auto_init_nobinit_nopinit
00000d51  __TI_decompress_lzss          
000011c3  __TI_decompress_none          
ffffffff  __TI_pprof_out_hndl           
ffffffff  __TI_prof_data_size           
ffffffff  __TI_prof_data_start          
00000000  __TI_static_base__            
000011a3  __TI_zero_init_nomemset       
0000083b  __aeabi_idiv0                 
0000083b  __aeabi_ldiv0                 
00000b41  __aeabi_memcpy                
00000b41  __aeabi_memcpy4               
00000b41  __aeabi_memcpy8               
00000f79  __aeabi_uidiv                 
00000f79  __aeabi_uidivmod              
ffffffff  __binit__                     
ffffffff  __c_args__                    
UNDEFED   __mpu_init                    
20000270  __stack                       
00001091  _c_int00_noargs               
UNDEFED   _system_post_cinit            
00001217  _system_pre_init              
0000121b  abort                         
ffffffff  binit                         
20000000  g_pfnRAMVectors               
00000000  g_pfnVectors                  
00000bdd  main                          
00000b41  memcpy                        
20000470  speed                         
20000480  time                          
0000083d  vUART_Init                    
000008cb  vUART_UART3Handler            


GLOBAL SYMBOLS: SORTED BY Symbol Address 

address   name                          
-------   ----                          
00000000  __TI_static_base__            
00000000  g_pfnVectors                  
00000200  __STACK_SIZE                  
0000026d  UARTStdioConfig               
000002b3  UARTwrite                     
000002f9  UARTgets                      
000003b3  UARTgetc                      
000003d9  UARTvprintf                   
000006d3  UARTprintf                    
00000709  GPIOPadConfigSet              
0000083b  __aeabi_idiv0                 
0000083b  __aeabi_ldiv0                 
0000083d  vUART_Init                    
000008cb  vUART_UART3Handler            
0000095d  SysCtlClockGet                
00000a6d  Button_Init                   
00000aab  Button_press                  
00000b41  __aeabi_memcpy                
00000b41  __aeabi_memcpy4               
00000b41  __aeabi_memcpy8               
00000b41  memcpy                        
00000bdd  main                          
00000c65  Timer0_Init                   
00000ca9  Timer0Handler                 
00000ce9  IntEnable                     
00000d51  __TI_decompress_lzss          
00000db9  TimerConfigure                
00000e65  GPIOPinConfigure              
00000ead  UARTConfigSetExpClk           
00000ef5  __TI_auto_init_nobinit_nopinit
00000f79  __aeabi_uidiv                 
00000f79  __aeabi_uidivmod              
00000fb9  SysCtlPeripheralPresent       
00000ff1  SysCtlPeripheralReady         
00001029  IntRegister                   
0000105d  SysCtlPeripheralEnable        
00001091  _c_int00_noargs               
000010c5  GPIODirModeSet                
000010f1  UARTDisable                   
00001111  GPIOPinTypeGPIOOutput         
00001129  TimerIntRegister              
00001141  UARTIntRegister               
00001159  UARTEnable                    
0000116d  GPIOPinTypeGPIOInput          
0000117f  GPIOPinTypeUART               
00001191  TimerLoadSet                  
000011a3  __TI_zero_init_nomemset       
000011b5  TimerEnable                   
000011c3  __TI_decompress_none          
000011d1  ResetISR                      
000011dd  UARTCharGet                   
000011e7  UARTCharPut                   
000011f1  TimerIntEnable                
000011f9  UARTIntEnable                 
00001201  GPIOPinRead                   
00001207  GPIOPinWrite                  
0000120d  UARTFIFOLevelSet              
00001213  TimerIntClear                 
00001217  _system_pre_init              
0000121b  C$$EXIT                       
0000121b  abort                         
000014ec  __TI_Handler_Table_Base       
000014f8  __TI_Handler_Table_Limit      
00001500  __TI_CINIT_Base               
00001510  __TI_CINIT_Limit              
20000000  g_pfnRAMVectors               
20000270  __stack                       
20000470  __STACK_END                   
20000470  __STACK_TOP                   
20000470  speed                         
20000480  time                          
ffffffff  __TI_pprof_out_hndl           
ffffffff  __TI_prof_data_size           
ffffffff  __TI_prof_data_start          
ffffffff  __binit__                     
ffffffff  __c_args__                    
ffffffff  binit                         
UNDEFED   __mpu_init                    
UNDEFED   _system_post_cinit            

[79 symbols]
