******************************************************************************
                  TI ARM Linker PC v18.12.1                    
******************************************************************************
>> Linked Sun Sep 22 22:28:40 2019

OUTPUT FILE NAME:   <Vehicle_Estimator.out>
ENTRY POINT SYMBOL: "_c_int00_noargs"  address: 00000f15


MEMORY CONFIGURATION

         name            origin    length      used     unused   attr    fill
----------------------  --------  ---------  --------  --------  ----  --------
  FLASH                 00000000   00040000  0000128c  0003ed74  R  X
  SRAM                  20000000   00008000  00000485  00007b7b  RW X


SEGMENT ALLOCATION MAP

run origin  load origin   length   init length attrs members
----------  ----------- ---------- ----------- ----- -------
00000000    00000000    00001290   00001290    r-x
  00000000    00000000    0000026c   0000026c    r-- .intvecs
  0000026c    0000026c    00000dd4   00000dd4    r-x .text
  00001040    00001040    0000021c   0000021c    r-- .const
  00001260    00001260    00000030   00000030    r-- .cinit
20000000    20000000    00000489   00000000    rw-
  20000000    20000000    0000026c   00000000    rw- .vtable
  20000270    20000270    00000200   00000000    rw- .stack
  20000470    20000470    00000019   00000000    rw- .data


SECTION ALLOCATION MAP

 output                                  attributes/
section   page    origin      length       input sections
--------  ----  ----------  ----------   ----------------
.intvecs   0    00000000    0000026c     
                  00000000    0000026c     tm4c123gh6pm_startup_ccs.obj (.intvecs)

.text      0    0000026c    00000dd4     
                  0000026c    0000049c     uartstdio.obj (.text)
                  00000708    00000132     driverlib.lib : gpio.obj (.text:GPIOPadConfigSet)
                  0000083a    00000002     rtsv7M4_T_le_v4SPD16_eabi.lib : div0.asm.obj (.text)
                  0000083c    00000110     driverlib.lib : sysctl.obj (.text:SysCtlClockGet)
                  0000094c    00000104     UART.obj (.text)
                  00000a50    000000f4     button.obj (.text)
                  00000b44    0000009c     rtsv7M4_T_le_v4SPD16_eabi.lib : memcpy_t2.asm.obj (.text)
                  00000be0    00000068     driverlib.lib : interrupt.obj (.text:IntEnable)
                  00000c48    00000068     rtsv7M4_T_le_v4SPD16_eabi.lib : copy_decompress_lzss.c.obj (.text:decompress:lzss:__TI_decompress_lzss)
                  00000cb0    00000048     driverlib.lib : gpio.obj (.text:GPIOPinConfigure)
                  00000cf8    00000046                   : uart.obj (.text:UARTConfigSetExpClk)
                  00000d3e    00000002     --HOLE-- [fill = 0]
                  00000d40    00000044     rtsv7M4_T_le_v4SPD16_eabi.lib : autoinit.c.obj (.text:__TI_auto_init_nobinit_nopinit:__TI_auto_init_nobinit_nopinit)
                  00000d84    00000040     driverlib.lib : uart.obj (.text:_UARTIntNumberGet)
                  00000dc4    00000040     rtsv7M4_T_le_v4SPD16_eabi.lib : u_divt2.asm.obj (.text)
                  00000e04    00000038     driverlib.lib : sysctl.obj (.text:SysCtlPeripheralPresent)
                  00000e3c    00000038                   : sysctl.obj (.text:SysCtlPeripheralReady)
                  00000e74    00000038     main.obj (.text)
                  00000eac    00000034     driverlib.lib : interrupt.obj (.text:IntRegister)
                  00000ee0    00000034                   : sysctl.obj (.text:SysCtlPeripheralEnable)
                  00000f14    00000034     rtsv7M4_T_le_v4SPD16_eabi.lib : boot_cortex_m.c.obj (.text:_c_int00_noargs:_c_int00_noargs)
                  00000f48    0000002a     driverlib.lib : gpio.obj (.text:GPIODirModeSet)
                  00000f72    00000002     --HOLE-- [fill = 0]
                  00000f74    00000020                   : uart.obj (.text:UARTDisable)
                  00000f94    00000018                   : uart.obj (.text:UARTIntRegister)
                  00000fac    00000014                   : uart.obj (.text:UARTEnable)
                  00000fc0    00000012                   : gpio.obj (.text:GPIOPinTypeGPIOInput)
                  00000fd2    00000012                   : gpio.obj (.text:GPIOPinTypeUART)
                  00000fe4    00000012     rtsv7M4_T_le_v4SPD16_eabi.lib : copy_zero_init.c.obj (.text:decompress:ZI:__TI_zero_init_nomemset:__TI_zero_init_nomemset)
                  00000ff6    0000000e                                   : copy_decompress_none.c.obj (.text:decompress:none:__TI_decompress_none)
                  00001004    0000000c     tm4c123gh6pm_startup_ccs.obj (.text)
                  00001010    0000000a     driverlib.lib : uart.obj (.text:UARTCharGet)
                  0000101a    0000000a                   : uart.obj (.text:UARTCharPut)
                  00001024    00000008                   : uart.obj (.text:UARTIntEnable)
                  0000102c    00000006                   : gpio.obj (.text:GPIOPinRead)
                  00001032    00000006                   : uart.obj (.text:UARTFIFOLevelSet)
                  00001038    00000004     rtsv7M4_T_le_v4SPD16_eabi.lib : pre_init.c.obj (.text:_system_pre_init)
                  0000103c    00000004                                   : exit.c.obj (.text:abort:abort)

.const     0    00001040    0000021c     
                  00001040    00000090     driverlib.lib : gpio.obj (.const:g_pui32GPIOBaseAddrs)
                  000010d0    00000070                   : interrupt.obj (.const)
                  00001140    0000006c                   : sysctl.obj (.const:g_pui32Xtals)
                  000011ac    00000040                   : uart.obj (.const:g_ppui32UARTIntMap)
                  000011ec    00000040                   : uart.obj (.const:g_ppui32UARTIntMapSnowflake)
                  0000122c    00000012     uartstdio.obj (.const:.string)
                  0000123e    00000002     --HOLE-- [fill = 0]
                  00001240    0000000c     uartstdio.obj (.const:g_ui32UARTBase)
                  0000124c    0000000c     uartstdio.obj (.const:g_ui32UARTPeriph)
                  00001258    00000004     uartstdio.obj (.const)

.cinit     0    00001260    00000030     
                  00001260    0000000c     (__TI_handler_table)
                  0000126c    00000008     (.cinit..data.load) [load image, compression = lzss]
                  00001274    00000004     --HOLE-- [fill = 0]
                  00001278    00000008     (.cinit..vtable.load) [load image, compression = zero_init]
                  00001280    00000010     (__TI_cinit_table)

.init_array 
*          0    00000000    00000000     UNINITIALIZED

.vtable    0    20000000    0000026c     UNINITIALIZED
                  20000000    0000026c     driverlib.lib : interrupt.obj (.vtable)

.data      0    20000470    00000019     UNINITIALIZED
                  20000470    00000014     UART.obj (.data)
                  20000484    00000005     uartstdio.obj (.data)

.stack     0    20000270    00000200     UNINITIALIZED
                  20000270    00000004     rtsv7M4_T_le_v4SPD16_eabi.lib : boot_cortex_m.c.obj (.stack)
                  20000274    000001fc     --HOLE--

MODULE SUMMARY

       Module                         code   ro data   rw data
       ------                         ----   -------   -------
    .\
       uartstdio.obj                  1180   46        5      
       tm4c123gh6pm_startup_ccs.obj   12     620       0      
       UART.obj                       260    0         20     
       button.obj                     244    0         0      
       main.obj                       56     0         0      
    +--+------------------------------+------+---------+---------+
       Total:                         1752   666       25     
                                                              
    C:/ti/TivaWare_C_Series-2.1.4.178/driverlib/ccs/Debug/driverlib.lib
       interrupt.obj                  156    112       620    
       gpio.obj                       462    144       0      
       sysctl.obj                     436    108       0      
       uart.obj                       244    128       0      
    +--+------------------------------+------+---------+---------+
       Total:                         1298   492       620    
                                                              
    C:\ti\ccs901\ccs\tools\compiler\ti-cgt-arm_18.12.1.LTS\lib\rtsv7M4_T_le_v4SPD16_eabi.lib
       memcpy_t2.asm.obj              156    0         0      
       copy_decompress_lzss.c.obj     104    0         0      
       autoinit.c.obj                 68     0         0      
       u_divt2.asm.obj                64     0         0      
       boot_cortex_m.c.obj            52     0         0      
       copy_zero_init.c.obj           18     0         0      
       copy_decompress_none.c.obj     14     0         0      
       exit.c.obj                     4      0         0      
       pre_init.c.obj                 4      0         0      
       div0.asm.obj                   2      0         0      
    +--+------------------------------+------+---------+---------+
       Total:                         486    0         0      
                                                              
       Stack:                         0      0         512    
       Linker Generated:              0      44        0      
    +--+------------------------------+------+---------+---------+
       Grand Total:                   3536   1202      1157   


LINKER GENERATED COPY TABLES

__TI_cinit_table @ 00001280 records: 2, size/record: 8, table size: 16
	.data: load addr=0000126c, load size=00000008 bytes, run addr=20000470, run size=00000019 bytes, compression=lzss
	.vtable: load addr=00001278, load size=00000008 bytes, run addr=20000000, run size=0000026c bytes, compression=zero_init


LINKER GENERATED HANDLER TABLE

__TI_handler_table @ 00001260 records: 3, size/record: 4, table size: 12
	index: 0, handler: __TI_zero_init
	index: 1, handler: __TI_decompress_lzss
	index: 2, handler: __TI_decompress_none


GLOBAL SYMBOLS: SORTED ALPHABETICALLY BY Name 

address   name                          
-------   ----                          
00000a51  Button_Init                   
00000a8f  Button_press                  
0000103d  C$$EXIT                       
20000470  Distance                      
00000f49  GPIODirModeSet                
00000709  GPIOPadConfigSet              
00000cb1  GPIOPinConfigure              
0000102d  GPIOPinRead                   
00000fc1  GPIOPinTypeGPIOInput          
00000fd3  GPIOPinTypeUART               
00000be1  IntEnable                     
00000ead  IntRegister                   
20000474  OldSpeed                      
2000047c  OldTime                       
20000478  RecentSpeed                   
20000480  RecentTime                    
00001005  ResetISR                      
0000083d  SysCtlClockGet                
00000ee1  SysCtlPeripheralEnable        
00000e05  SysCtlPeripheralPresent       
00000e3d  SysCtlPeripheralReady         
00001011  UARTCharGet                   
0000101b  UARTCharPut                   
00000cf9  UARTConfigSetExpClk           
00000f75  UARTDisable                   
00000fad  UARTEnable                    
00001033  UARTFIFOLevelSet              
00001025  UARTIntEnable                 
00000f95  UARTIntRegister               
0000026d  UARTStdioConfig               
000003b3  UARTgetc                      
000002f9  UARTgets                      
000006d3  UARTprintf                    
000003d9  UARTvprintf                   
000002b3  UARTwrite                     
20000470  __STACK_END                   
00000200  __STACK_SIZE                  
20000470  __STACK_TOP                   
00001280  __TI_CINIT_Base               
00001290  __TI_CINIT_Limit              
00001260  __TI_Handler_Table_Base       
0000126c  __TI_Handler_Table_Limit      
00000d41  __TI_auto_init_nobinit_nopinit
00000c49  __TI_decompress_lzss          
00000ff7  __TI_decompress_none          
ffffffff  __TI_pprof_out_hndl           
ffffffff  __TI_prof_data_size           
ffffffff  __TI_prof_data_start          
00000000  __TI_static_base__            
00000fe5  __TI_zero_init_nomemset       
0000083b  __aeabi_idiv0                 
0000083b  __aeabi_ldiv0                 
00000b45  __aeabi_memcpy                
00000b45  __aeabi_memcpy4               
00000b45  __aeabi_memcpy8               
00000dc5  __aeabi_uidiv                 
00000dc5  __aeabi_uidivmod              
ffffffff  __binit__                     
ffffffff  __c_args__                    
UNDEFED   __mpu_init                    
20000270  __stack                       
00000f15  _c_int00_noargs               
UNDEFED   _system_post_cinit            
00001039  _system_pre_init              
0000103d  abort                         
ffffffff  binit                         
20000000  g_pfnRAMVectors               
00000000  g_pfnVectors                  
00000e75  main                          
00000b45  memcpy                        
0000094d  vUART_Init                    
000009db  vUART_UART3Handler            


GLOBAL SYMBOLS: SORTED BY Symbol Address 

address   name                          
-------   ----                          
00000000  __TI_static_base__            
00000000  g_pfnVectors                  
00000200  __STACK_SIZE                  
0000026d  UARTStdioConfig               
000002b3  UARTwrite                     
000002f9  UARTgets                      
000003b3  UARTgetc                      
000003d9  UARTvprintf                   
000006d3  UARTprintf                    
00000709  GPIOPadConfigSet              
0000083b  __aeabi_idiv0                 
0000083b  __aeabi_ldiv0                 
0000083d  SysCtlClockGet                
0000094d  vUART_Init                    
000009db  vUART_UART3Handler            
00000a51  Button_Init                   
00000a8f  Button_press                  
00000b45  __aeabi_memcpy                
00000b45  __aeabi_memcpy4               
00000b45  __aeabi_memcpy8               
00000b45  memcpy                        
00000be1  IntEnable                     
00000c49  __TI_decompress_lzss          
00000cb1  GPIOPinConfigure              
00000cf9  UARTConfigSetExpClk           
00000d41  __TI_auto_init_nobinit_nopinit
00000dc5  __aeabi_uidiv                 
00000dc5  __aeabi_uidivmod              
00000e05  SysCtlPeripheralPresent       
00000e3d  SysCtlPeripheralReady         
00000e75  main                          
00000ead  IntRegister                   
00000ee1  SysCtlPeripheralEnable        
00000f15  _c_int00_noargs               
00000f49  GPIODirModeSet                
00000f75  UARTDisable                   
00000f95  UARTIntRegister               
00000fad  UARTEnable                    
00000fc1  GPIOPinTypeGPIOInput          
00000fd3  GPIOPinTypeUART               
00000fe5  __TI_zero_init_nomemset       
00000ff7  __TI_decompress_none          
00001005  ResetISR                      
00001011  UARTCharGet                   
0000101b  UARTCharPut                   
00001025  UARTIntEnable                 
0000102d  GPIOPinRead                   
00001033  UARTFIFOLevelSet              
00001039  _system_pre_init              
0000103d  C$$EXIT                       
0000103d  abort                         
00001260  __TI_Handler_Table_Base       
0000126c  __TI_Handler_Table_Limit      
00001280  __TI_CINIT_Base               
00001290  __TI_CINIT_Limit              
20000000  g_pfnRAMVectors               
20000270  __stack                       
20000470  Distance                      
20000470  __STACK_END                   
20000470  __STACK_TOP                   
20000474  OldSpeed                      
20000478  RecentSpeed                   
2000047c  OldTime                       
20000480  RecentTime                    
ffffffff  __TI_pprof_out_hndl           
ffffffff  __TI_prof_data_size           
ffffffff  __TI_prof_data_start          
ffffffff  __binit__                     
ffffffff  __c_args__                    
ffffffff  binit                         
UNDEFED   __mpu_init                    
UNDEFED   _system_post_cinit            

[72 symbols]
